Archive member included to satisfy reference by file (symbol)

c:/program files (x86)/atmel/studio/7.0/toolchain/arm/arm-gnu-toolchain/bin/../lib/gcc/arm-none-eabi/6.3.1/thumb/v6-m\libgcc.a(_udivsi3.o)
                              hpl/core/hpl_core_m0plus_base.o (__aeabi_uidiv)
c:/program files (x86)/atmel/studio/7.0/toolchain/arm/arm-gnu-toolchain/bin/../lib/gcc/arm-none-eabi/6.3.1/thumb/v6-m\libgcc.a(_divsi3.o)
                              hal/src/hal_adc_sync.o (__aeabi_idivmod)
c:/program files (x86)/atmel/studio/7.0/toolchain/arm/arm-gnu-toolchain/bin/../lib/gcc/arm-none-eabi/6.3.1/thumb/v6-m\libgcc.a(_dvmd_tls.o)
                              c:/program files (x86)/atmel/studio/7.0/toolchain/arm/arm-gnu-toolchain/bin/../lib/gcc/arm-none-eabi/6.3.1/thumb/v6-m\libgcc.a(_udivsi3.o) (__aeabi_idiv0)
c:/program files (x86)/atmel/studio/7.0/toolchain/arm/arm-gnu-toolchain/bin/../lib/gcc/arm-none-eabi/6.3.1/thumb/v6-m\libgcc.a(_aeabi_uldivmod.o)
                              hpl/sercom/hpl_sercom.o (__aeabi_uldivmod)
c:/program files (x86)/atmel/studio/7.0/toolchain/arm/arm-gnu-toolchain/bin/../lib/gcc/arm-none-eabi/6.3.1/thumb/v6-m\libgcc.a(_muldi3.o)
                              hpl/sercom/hpl_sercom.o (__aeabi_lmul)
c:/program files (x86)/atmel/studio/7.0/toolchain/arm/arm-gnu-toolchain/bin/../lib/gcc/arm-none-eabi/6.3.1/thumb/v6-m\libgcc.a(_fixunsdfsi.o)
                              hpl/sercom/hpl_sercom.o (__aeabi_d2uiz)
c:/program files (x86)/atmel/studio/7.0/toolchain/arm/arm-gnu-toolchain/bin/../lib/gcc/arm-none-eabi/6.3.1/thumb/v6-m\libgcc.a(_udivmoddi4.o)
                              c:/program files (x86)/atmel/studio/7.0/toolchain/arm/arm-gnu-toolchain/bin/../lib/gcc/arm-none-eabi/6.3.1/thumb/v6-m\libgcc.a(_aeabi_uldivmod.o) (__udivmoddi4)
c:/program files (x86)/atmel/studio/7.0/toolchain/arm/arm-gnu-toolchain/bin/../lib/gcc/arm-none-eabi/6.3.1/thumb/v6-m\libgcc.a(divdf3.o)
                              hpl/sercom/hpl_sercom.o (__aeabi_ddiv)
c:/program files (x86)/atmel/studio/7.0/toolchain/arm/arm-gnu-toolchain/bin/../lib/gcc/arm-none-eabi/6.3.1/thumb/v6-m\libgcc.a(muldf3.o)
                              hpl/sercom/hpl_sercom.o (__aeabi_dmul)
c:/program files (x86)/atmel/studio/7.0/toolchain/arm/arm-gnu-toolchain/bin/../lib/gcc/arm-none-eabi/6.3.1/thumb/v6-m\libgcc.a(subdf3.o)
                              hpl/sercom/hpl_sercom.o (__aeabi_dsub)
c:/program files (x86)/atmel/studio/7.0/toolchain/arm/arm-gnu-toolchain/bin/../lib/gcc/arm-none-eabi/6.3.1/thumb/v6-m\libgcc.a(fixdfsi.o)
                              c:/program files (x86)/atmel/studio/7.0/toolchain/arm/arm-gnu-toolchain/bin/../lib/gcc/arm-none-eabi/6.3.1/thumb/v6-m\libgcc.a(_fixunsdfsi.o) (__aeabi_d2iz)
c:/program files (x86)/atmel/studio/7.0/toolchain/arm/arm-gnu-toolchain/bin/../lib/gcc/arm-none-eabi/6.3.1/thumb/v6-m\libgcc.a(floatsidf.o)
                              hpl/sercom/hpl_sercom.o (__aeabi_i2d)
c:/program files (x86)/atmel/studio/7.0/toolchain/arm/arm-gnu-toolchain/bin/../lib/gcc/arm-none-eabi/6.3.1/thumb/v6-m\libgcc.a(floatunsidf.o)
                              hpl/sercom/hpl_sercom.o (__aeabi_ui2d)
c:/program files (x86)/atmel/studio/7.0/toolchain/arm/arm-gnu-toolchain/bin/../lib/gcc/arm-none-eabi/6.3.1/thumb/v6-m\libgcc.a(_arm_cmpdf2.o)
                              c:/program files (x86)/atmel/studio/7.0/toolchain/arm/arm-gnu-toolchain/bin/../lib/gcc/arm-none-eabi/6.3.1/thumb/v6-m\libgcc.a(_fixunsdfsi.o) (__aeabi_dcmpge)
c:/program files (x86)/atmel/studio/7.0/toolchain/arm/arm-gnu-toolchain/bin/../lib/gcc/arm-none-eabi/6.3.1/thumb/v6-m\libgcc.a(_clzsi2.o)
                              c:/program files (x86)/atmel/studio/7.0/toolchain/arm/arm-gnu-toolchain/bin/../lib/gcc/arm-none-eabi/6.3.1/thumb/v6-m\libgcc.a(divdf3.o) (__clzsi2)
c:/program files (x86)/atmel/studio/7.0/toolchain/arm/arm-gnu-toolchain/bin/../lib/gcc/arm-none-eabi/6.3.1/thumb/v6-m\libgcc.a(_clzdi2.o)
                              c:/program files (x86)/atmel/studio/7.0/toolchain/arm/arm-gnu-toolchain/bin/../lib/gcc/arm-none-eabi/6.3.1/thumb/v6-m\libgcc.a(_udivmoddi4.o) (__clzdi2)
c:/program files (x86)/atmel/studio/7.0/toolchain/arm/arm-gnu-toolchain/bin/../lib/gcc/arm-none-eabi/6.3.1/thumb/v6-m\libgcc.a(eqdf2.o)
                              c:/program files (x86)/atmel/studio/7.0/toolchain/arm/arm-gnu-toolchain/bin/../lib/gcc/arm-none-eabi/6.3.1/thumb/v6-m\libgcc.a(_arm_cmpdf2.o) (__eqdf2)
c:/program files (x86)/atmel/studio/7.0/toolchain/arm/arm-gnu-toolchain/bin/../lib/gcc/arm-none-eabi/6.3.1/thumb/v6-m\libgcc.a(gedf2.o)
                              c:/program files (x86)/atmel/studio/7.0/toolchain/arm/arm-gnu-toolchain/bin/../lib/gcc/arm-none-eabi/6.3.1/thumb/v6-m\libgcc.a(_arm_cmpdf2.o) (__gedf2)
c:/program files (x86)/atmel/studio/7.0/toolchain/arm/arm-gnu-toolchain/bin/../lib/gcc/arm-none-eabi/6.3.1/thumb/v6-m\libgcc.a(ledf2.o)
[...]
Memory Configuration

Name             Origin             Length             Attributes
rom              0x00000000         0x00040000         xr
ram              0x20000000         0x00008000         xrw
*default*        0x00000000         0xffffffff

Linker script and memory map

LOAD c:/program files (x86)/atmel/studio/7.0/toolchain/arm/arm-gnu-toolchain/bin/../lib/gcc/arm-none-eabi/6.3.1/thumb/v6-m/crti.o
LOAD c:/program files (x86)/atmel/studio/7.0/toolchain/arm/arm-gnu-toolchain/bin/../lib/gcc/arm-none-eabi/6.3.1/thumb/v6-m/crtbegin.o
LOAD c:/program files (x86)/atmel/studio/7.0/toolchain/arm/arm-gnu-toolchain/bin/../lib/gcc/arm-none-eabi/6.3.1/../../../../arm-none-eabi/lib/thumb/v6-m/crt0.o
LOAD atmel_start.o
LOAD Device_Startup/startup_samd21.o
LOAD Device_Startup/system_samd21.o
LOAD driver_init.o
LOAD examples/driver_examples.o
LOAD hal/src/hal_adc_sync.o
LOAD hal/src/hal_atomic.o
LOAD hal/src/hal_delay.o
LOAD hal/src/hal_gpio.o
LOAD hal/src/hal_init.o
LOAD hal/src/hal_io.o
LOAD hal/src/hal_sleep.o
LOAD hal/src/hal_timer.o
LOAD hal/src/hal_usart_sync.o
LOAD hal/src/hal_usb_device.o
LOAD hal/utils/src/utils_assert.o
LOAD hal/utils/src/utils_event.o
LOAD hal/utils/src/utils_list.o
LOAD hal/utils/src/utils_syscalls.o
LOAD hpl/adc/hpl_adc.o
LOAD hpl/core/hpl_core_m0plus_base.o
LOAD hpl/core/hpl_init.o
LOAD hpl/dmac/hpl_dmac.o
LOAD hpl/gclk/hpl_gclk.o
LOAD hpl/pm/hpl_pm.o
LOAD hpl/rtc/hpl_rtc.o
LOAD hpl/sercom/hpl_sercom.o
LOAD hpl/sysctrl/hpl_sysctrl.o
LOAD hpl/usb/hpl_usb.o
LOAD main.o
START GROUP
LOAD c:/program files (x86)/atmel/studio/7.0/toolchain/arm/arm-gnu-toolchain/bin/../lib/gcc/arm-none-eabi/6.3.1/../../../../arm-none-eabi/lib/thumb/v6-m\libm.a
END GROUP
START GROUP
LOAD c:/program files (x86)/atmel/studio/7.0/toolchain/arm/arm-gnu-toolchain/bin/../lib/gcc/arm-none-eabi/6.3.1/thumb/v6-m\libgcc.a
LOAD c:/program files (x86)/atmel/studio/7.0/toolchain/arm/arm-gnu-toolchain/bin/../lib/gcc/arm-none-eabi/6.3.1/../../../../arm-none-eabi/lib/thumb/v6-m\libc_nano.a
END GROUP
START GROUP
LOAD c:/program files (x86)/atmel/studio/7.0/toolchain/arm/arm-gnu-toolchain/bin/../lib/gcc/arm-none-eabi/6.3.1/thumb/v6-m\libgcc.a
LOAD c:/program files (x86)/atmel/studio/7.0/toolchain/arm/arm-gnu-toolchain/bin/../lib/gcc/arm-none-eabi/6.3.1/../../../../arm-none-eabi/lib/thumb/v6-m\libc_nano.a
END GROUP
LOAD c:/program files (x86)/atmel/studio/7.0/toolchain/arm/arm-gnu-toolchain/bin/../lib/gcc/arm-none-eabi/6.3.1/thumb/v6-m/crtend.o
LOAD c:/program files (x86)/atmel/studio/7.0/toolchain/arm/arm-gnu-toolchain/bin/../lib/gcc/arm-none-eabi/6.3.1/thumb/v6-m/crtn.o
                0x00002000                STACK_SIZE = DEFINED (STACK_SIZE)?STACK_SIZE:DEFINED (__stack_size__)?__stack_size__:0x2000

.text           0x00000000     0x1ca4
                0x00000000                . = ALIGN (0x4)
                0x00000000                _sfixed = .
 *(.vectors .vectors.*)
 .vectors       0x00000000       0xb4 Device_Startup/startup_samd21.o
                0x00000000                exception_table
 *(.text .text.* .gnu.linkonce.t.*)
 .text          0x000000b4       0x60 c:/program files (x86)/atmel/studio/7.0/toolchain/arm/arm-gnu-toolchain/bin/../lib/gcc/arm-none-eabi/6.3.1/thumb/v6-m/crtbegin.o
 .text.atmel_start_init
                0x00000114        0xc atmel_start.o
                0x00000114                atmel_start_init
 .text.Dummy_Handler
                0x00000120        0x2 Device_Startup/startup_samd21.o
                0x00000120                SVCall_Handler
                0x00000120                DMAC_Handler
                0x00000120                HardFault_Handler
                0x00000120                AC_Handler
                0x00000120                SysTick_Handler
                0x00000120                PendSV_Handler
                0x00000120                SERCOM1_Handler
                0x00000120                ADC_Handler
                0x00000120                NonMaskableInt_Handler
                0x00000120                TCC1_Handler
                0x00000120                SERCOM2_Handler
                0x00000120                TCC0_Handler
                0x00000120                EIC_Handler
                0x00000120                WDT_Handler
                0x00000120                TC4_Handler
                0x00000120                TC3_Handler
                0x00000120                Dummy_Handler
                0x00000120                PM_Handler
                0x00000120                SERCOM5_Handler
                0x00000120                TCC2_Handler
                0x00000120                EVSYS_Handler
                0x00000120                SERCOM3_Handler
                0x00000120                SERCOM4_Handler
                0x00000120                I2S_Handler
                0x00000120                NVMCTRL_Handler
                0x00000120                SERCOM0_Handler
                0x00000120                DAC_Handler
                0x00000120                PTC_Handler
                0x00000120                TC5_Handler
                0x00000120                SYSCTRL_Handler
 *fill*         0x00000122        0x2 
 .text.Reset_Handler
                0x00000124       0xe4 Device_Startup/startup_samd21.o
                0x00000124                Reset_Handler
 .text.ADC_0_CLOCK_init
                0x00000208       0x20 driver_init.o
                0x00000208                ADC_0_CLOCK_init
 .text.ADC_0_init
                0x00000228       0x24 driver_init.o
                0x00000228                ADC_0_init
 .text.USART_0_PORT_init
                0x0000024c       0x40 driver_init.o
                0x0000024c                USART_0_PORT_init
 .text.USART_0_CLOCK_init
                0x0000028c       0x20 driver_init.o
                0x0000028c                USART_0_CLOCK_init
 .text.USART_0_init
                0x000002ac       0x2c driver_init.o
                0x000002ac                USART_0_init
 .text.USB_0_PORT_init
                0x000002d8       0x88 driver_init.o
                0x000002d8                USB_0_PORT_init
 .text.USB_0_CLOCK_init
                0x00000360       0x28 driver_init.o
                0x00000360                USB_0_CLOCK_init
 .text.USB_0_init
                0x00000388       0x1c driver_init.o
                0x00000388                USB_0_init
 .text.system_init
                0x000003a4       0x60 driver_init.o
                0x000003a4                system_init
 .text.adc_sync_init
                0x00000404       0x34 hal/src/hal_adc_sync.o
                0x00000404                adc_sync_init
 .text.atomic_enter_critical
                0x00000438        0xe hal/src/hal_atomic.o
                0x00000438                atomic_enter_critical
 .text.atomic_leave_critical
                0x00000446        0xc hal/src/hal_atomic.o
                0x00000446                atomic_leave_critical
 *fill*         0x00000452        0x2 
 .text.timer_add_timer_task
                0x00000454       0x70 hal/src/hal_timer.o
 .text.timer_process_counted
                0x000004c4       0x8c hal/src/hal_timer.o
 .text.timer_init
                0x00000550       0x44 hal/src/hal_timer.o
                0x00000550                timer_init
 .text.usart_sync_write
                0x00000594       0x7c hal/src/hal_usart_sync.o
 .text.usart_sync_read
                0x00000610       0x68 hal/src/hal_usart_sync.o
 .text.usart_sync_init
                0x00000678       0x4c hal/src/hal_usart_sync.o
                0x00000678                usart_sync_init
 .text._usb_d_find_ep
                0x000006c4       0x44 hal/src/hal_usb_device.o
 .text.usb_d_dummy_cb_false
                0x00000708        0x4 hal/src/hal_usb_device.o
 .text.usb_d_cb_trans_more
                0x0000070c       0x38 hal/src/hal_usb_device.o
 .text._usb_d_cb_trans_done
                0x00000744      0x160 hal/src/hal_usb_device.o
 .text.usb_d_cb_trans_setup
                0x000008a4       0x90 hal/src/hal_usb_device.o
 .text.usb_d_init
                0x00000934       0x64 hal/src/hal_usb_device.o
                0x00000934                usb_d_init
 .text.assert   0x00000998        0x8 hal/utils/src/utils_assert.o
                0x00000998                assert
 .text.is_list_element
                0x000009a0       0x24 hal/utils/src/utils_list.o
                0x000009a0                is_list_element
 .text.list_insert_as_head
                0x000009c4       0x2c hal/utils/src/utils_list.o
                0x000009c4                list_insert_as_head
 .text.list_insert_after
                0x000009f0        0x8 hal/utils/src/utils_list.o
                0x000009f0                list_insert_after
 .text.list_remove_head
                0x000009f8        0xe hal/utils/src/utils_list.o
                0x000009f8                list_remove_head
 .text._adc_get_regs
                0x00000a06        0x4 hpl/adc/hpl_adc.o
 *fill*         0x00000a0a        0x2 
 .text._adc_init
                0x00000a0c      0x104 hpl/adc/hpl_adc.o
 .text._adc_sync_init
                0x00000b10       0x38 hpl/adc/hpl_adc.o
                0x00000b10                _adc_sync_init
 .text._init_chip
                0x00000b48       0x30 hpl/core/hpl_init.o
                0x00000b48                _init_chip
 .text._gclk_init_generators_by_fref
                0x00000b78       0x20 hpl/gclk/hpl_gclk.o
                0x00000b78                _gclk_init_generators_by_fref
 .text._pm_init
                0x00000b98       0x20 hpl/pm/hpl_pm.o
                0x00000b98                _pm_init
 .text._timer_init
                0x00000bb8       0x5c hpl/rtc/hpl_rtc.o
                0x00000bb8                _timer_init
 .text._rtc_get_timer
                0x00000c14        0x4 hpl/rtc/hpl_rtc.o
                0x00000c14                _rtc_get_timer
 .text.RTC_Handler
                0x00000c18       0x24 hpl/rtc/hpl_rtc.o
                0x00000c18                RTC_Handler
 .text._usart_init
                0x00000c3c       0x9c hpl/sercom/hpl_sercom.o
 .text._usart_sync_init
                0x00000cd8       0x2c hpl/sercom/hpl_sercom.o
                0x00000cd8                _usart_sync_init
 .text._usart_sync_write_byte
                0x00000d04        0x8 hpl/sercom/hpl_sercom.o
                0x00000d04                _usart_sync_write_byte
 .text._usart_sync_read_byte
                0x00000d0c        0x8 hpl/sercom/hpl_sercom.o
                0x00000d0c                _usart_sync_read_byte
 .text._usart_sync_is_ready_to_send
                0x00000d14        0xa hpl/sercom/hpl_sercom.o
                0x00000d14                _usart_sync_is_ready_to_send
 .text._usart_sync_is_transmit_done
                0x00000d1e        0xa hpl/sercom/hpl_sercom.o
                0x00000d1e                _usart_sync_is_transmit_done
 .text._usart_sync_is_byte_received
                0x00000d28        0xa hpl/sercom/hpl_sercom.o
                0x00000d28                _usart_sync_is_byte_received
 *fill*         0x00000d32        0x2 
 .text._sysctrl_init_sources
                0x00000d34       0x48 hpl/sysctrl/hpl_sysctrl.o
                0x00000d34                _sysctrl_init_sources
 .text._sysctrl_init_referenced_generators
                0x00000d7c       0x10 hpl/sysctrl/hpl_sysctrl.o
                0x00000d7c                _sysctrl_init_referenced_generators
 .text._dummy_func_no_return
                0x00000d8c        0x4 hpl/usb/hpl_usb.o
 .text._usb_d_dev_handle_setup
                0x00000d90       0x8c hpl/usb/hpl_usb.o
 .text._usb_d_dev_handle_stall
                0x00000e1c       0x30 hpl/usb/hpl_usb.o
 .text._usb_d_dev_trans_done
                0x00000e4c       0x28 hpl/usb/hpl_usb.o
 .text._usb_d_dev_trans_stop
                0x00000e74       0x6c hpl/usb/hpl_usb.o
 .text._usb_d_dev_handle_trfail
                0x00000ee0      0x100 hpl/usb/hpl_usb.o
 .text._usb_d_dev_reset_epts
                0x00000fe0       0x44 hpl/usb/hpl_usb.o
 .text._usb_d_dev_in_next
                0x00001024      0x1a8 hpl/usb/hpl_usb.o
 .text._usb_d_dev_out_next
                0x000011cc      0x234 hpl/usb/hpl_usb.o
 .text._usb_d_dev_init
                0x00001400       0xdc hpl/usb/hpl_usb.o
                0x00001400                _usb_d_dev_init
 .text._usb_d_dev_ep_stall
                0x000014dc      0x164 hpl/usb/hpl_usb.o
                0x000014dc                _usb_d_dev_ep_stall
 .text._usb_d_dev_ep_read_req
                0x00001640       0x70 hpl/usb/hpl_usb.o
                0x00001640                _usb_d_dev_ep_read_req
 .text._usb_d_dev_ep_trans
                0x000016b0      0x214 hpl/usb/hpl_usb.o
                0x000016b0                _usb_d_dev_ep_trans
 .text._usb_d_dev_register_ep_callback
                0x000018c4       0x30 hpl/usb/hpl_usb.o
                0x000018c4                _usb_d_dev_register_ep_callback
 .text.USB_Handler
                0x000018f4      0x23c hpl/usb/hpl_usb.o
                0x000018f4                USB_Handler
 .text.main     0x00001b30        0xc main.o
                0x00001b30                main
 .text.__libc_init_array
                0x00001b3c       0x48 c:/program files (x86)/atmel/studio/7.0/toolchain/arm/arm-gnu-toolchain/bin/../lib/gcc/arm-none-eabi/6.3.1/../../../../arm-none-eabi/lib/thumb/v6-m\libc_nano.a(lib_a-init.o)
                0x00001b3c                __libc_init_array
 .text.memcpy   0x00001b84       0x12 c:/program files (x86)/atmel/studio/7.0/toolchain/arm/arm-gnu-toolchain/bin/../lib/gcc/arm-none-eabi/6.3.1/../../../../arm-none-eabi/lib/thumb/v6-m\libc_nano.a(lib_a-memcpy-stub.o)
                0x00001b84                memcpy
 .text.memset   0x00001b96       0x10 c:/program files (x86)/atmel/studio/7.0/toolchain/arm/arm-gnu-toolchain/bin/../lib/gcc/arm-none-eabi/6.3.1/../../../../arm-none-eabi/lib/thumb/v6-m\libc_nano.a(lib_a-memset.o)
                0x00001b96                memset
 *(.glue_7t)
 .glue_7t       0x00001ba6        0x0 linker stubs
 *(.glue_7)
 .glue_7        0x00001ba6        0x0 linker stubs
 *(.rodata .rodata* .gnu.linkonce.r.*)
 *fill*         0x00001ba6        0x2 
 .rodata.str1.4
                0x00001ba8       0x1a hal/src/hal_adc_sync.o
 *fill*         0x00001bc2        0x2 
 .rodata.str1.4
                0x00001bc4       0x17 hal/src/hal_timer.o
 *fill*         0x00001bdb        0x1 
 .rodata.str1.4
                0x00001bdc       0x1c hal/src/hal_usart_sync.o
 .rodata.str1.4
                0x00001bf8       0x1e hal/utils/src/utils_list.o
 *fill*         0x00001c16        0x2 
 .rodata        0x00001c18       0x1c hpl/adc/hpl_adc.o
 .rodata.str1.4
                0x00001c34       0x15 hpl/adc/hpl_adc.o
 *fill*         0x00001c49        0x3 
 .rodata.str1.4
                0x00001c4c       0x15 hpl/rtc/hpl_rtc.o
 *fill*         0x00001c61        0x3 
 .rodata.str1.4
                0x00001c64       0x1c hpl/sercom/hpl_sercom.o
                                 0x1b (size before relaxing)
 .rodata.cst2   0x00001c80        0x2 hpl/usb/hpl_usb.o
 *(.ARM.extab* .gnu.linkonce.armextab.*)
                0x00001c84                . = ALIGN (0x4)
 *fill*         0x00001c82        0x2 
 *(.init)
 .init          0x00001c84        0x4 c:/program files (x86)/atmel/studio/7.0/toolchain/arm/arm-gnu-toolchain/bin/../lib/gcc/arm-none-eabi/6.3.1/thumb/v6-m/crti.o
                0x00001c84                _init
 .init          0x00001c88        0x8 c:/program files (x86)/atmel/studio/7.0/toolchain/arm/arm-gnu-toolchain/bin/../lib/gcc/arm-none-eabi/6.3.1/thumb/v6-m/crtn.o
                0x00001c90                . = ALIGN (0x4)
                0x00001c90                __preinit_array_start = .
 *(.preinit_array)
                0x00001c90                __preinit_array_end = .
                0x00001c90                . = ALIGN (0x4)
                0x00001c90                __init_array_start = .
 *(SORT(.init_array.*))
 *(.init_array)
 .init_array    0x00001c90        0x4 c:/program files (x86)/atmel/studio/7.0/toolchain/arm/arm-gnu-toolchain/bin/../lib/gcc/arm-none-eabi/6.3.1/thumb/v6-m/crtbegin.o
                0x00001c94                __init_array_end = .
                0x00001c94                . = ALIGN (0x4)
 *crtbegin.o(.ctors)
 *(EXCLUDE_FILE(*crtend.o) .ctors)
 *(SORT(.ctors.*))
 *crtend.o(.ctors)
                0x00001c94                . = ALIGN (0x4)
 *(.fini)
 .fini          0x00001c94        0x4 c:/program files (x86)/atmel/studio/7.0/toolchain/arm/arm-gnu-toolchain/bin/../lib/gcc/arm-none-eabi/6.3.1/thumb/v6-m/crti.o
                0x00001c94                _fini
 .fini          0x00001c98        0x8 c:/program files (x86)/atmel/studio/7.0/toolchain/arm/arm-gnu-toolchain/bin/../lib/gcc/arm-none-eabi/6.3.1/thumb/v6-m/crtn.o
                0x00001ca0                . = ALIGN (0x4)
                0x00001ca0                __fini_array_start = .
 *(.fini_array)
 .fini_array    0x00001ca0        0x4 c:/program files (x86)/atmel/studio/7.0/toolchain/arm/arm-gnu-toolchain/bin/../lib/gcc/arm-none-eabi/6.3.1/thumb/v6-m/crtbegin.o
 *(SORT(.fini_array.*))
                0x00001ca4                __fini_array_end = .
 *crtbegin.o(.dtors)
 *(EXCLUDE_FILE(*crtend.o) .dtors)
 *(SORT(.dtors.*))
 *crtend.o(.dtors)
                0x00001ca4                . = ALIGN (0x4)
                0x00001ca4                _efixed = .
                [!provide]                PROVIDE (__exidx_start, .)

.vfp11_veneer   0x00001ca4        0x0
 .vfp11_veneer  0x00001ca4        0x0 linker stubs

.v4_bx          0x00001ca4        0x0
 .v4_bx         0x00001ca4        0x0 linker stubs

.iplt           0x00001ca4        0x0
 .iplt          0x00001ca4        0x0 c:/program files (x86)/atmel/studio/7.0/toolchain/arm/arm-gnu-toolchain/bin/../lib/gcc/arm-none-eabi/6.3.1/thumb/v6-m/crtbegin.o

.eh_frame       0x00001ca4        0x0
 .eh_frame      0x00001ca4        0x0 c:/program files (x86)/atmel/studio/7.0/toolchain/arm/arm-gnu-toolchain/bin/../lib/gcc/arm-none-eabi/6.3.1/thumb/v6-m/crtbegin.o

.rel.dyn        0x00001ca4        0x0
 .rel.iplt      0x00001ca4        0x0 c:/program files (x86)/atmel/studio/7.0/toolchain/arm/arm-gnu-toolchain/bin/../lib/gcc/arm-none-eabi/6.3.1/thumb/v6-m/crtbegin.o

.jcr            0x00001ca4        0x0
 .jcr           0x00001ca4        0x0 c:/program files (x86)/atmel/studio/7.0/toolchain/arm/arm-gnu-toolchain/bin/../lib/gcc/arm-none-eabi/6.3.1/thumb/v6-m/crtbegin.o

.igot.plt       0x00001ca4        0x0
 .igot.plt      0x00001ca4        0x0 c:/program files (x86)/atmel/studio/7.0/toolchain/arm/arm-gnu-toolchain/bin/../lib/gcc/arm-none-eabi/6.3.1/thumb/v6-m/crtbegin.o

.ARM.exidx
 *(.ARM.exidx* .gnu.linkonce.armexidx.*)
                [!provide]                PROVIDE (__exidx_end, .)
                0x00001ca4                . = ALIGN (0x4)
                0x00001ca4                _etext = .

.relocate       0x20000000        0x0 load address 0x00001ca4
                0x20000000                . = ALIGN (0x4)
                0x20000000                _srelocate = .
 *(.ramfunc .ramfunc.*)
 *(.data .data.*)
                0x20000000                . = ALIGN (0x4)
                0x20000000                _erelocate = .

.bss            0x20000000      0x2b4
                0x20000000                . = ALIGN (0x4)
                0x20000000                _sbss = .
                0x20000000                _szero = .
 *(.bss .bss.*)
 .bss           0x20000000       0x1c c:/program files (x86)/atmel/studio/7.0/toolchain/arm/arm-gnu-toolchain/bin/../lib/gcc/arm-none-eabi/6.3.1/thumb/v6-m/crtbegin.o
 .bss           0x2000001c       0x80 hal/src/hal_usb_device.o
 .bss           0x2000009c        0x4 hpl/rtc/hpl_rtc.o
 .bss           0x200000a0      0x1e8 hpl/usb/hpl_usb.o
 *(COMMON)
 COMMON         0x20000288       0x2c driver_init.o
                0x20000288                ADC_0
                0x2000028c                USART_0
                0x20000298                TIMER_0
                0x200002b4                . = ALIGN (0x4)
                0x200002b4                _ebss = .
                0x200002b4                _ezero = .

.stack          0x200002b4     0x2004
                0x200002b8                . = ALIGN (0x8)
 *fill*         0x200002b4        0x4 
                0x200002b8                _sstack = .
                0x200022b8                . = (. + STACK_SIZE)
 *fill*         0x200002b8     0x2000 
                0x200022b8                . = ALIGN (0x8)
                0x200022b8                _estack = .
                0x200022b8                . = ALIGN (0x4)
                0x200022b8                _end = .
OUTPUT(demo.elf elf32-littlearm)

.ARM.attributes
                0x00000000       0x28
 .ARM.attributes
                0x00000000       0x1e c:/program files (x86)/atmel/studio/7.0/toolchain/arm/arm-gnu-toolchain/bin/../lib/gcc/arm-none-eabi/6.3.1/thumb/v6-m/crti.o
 .ARM.attributes
                0x0000001e       0x2c c:/program files (x86)/atmel/studio/7.0/toolchain/arm/arm-gnu-toolchain/bin/../lib/gcc/arm-none-eabi/6.3.1/thumb/v6-m/crtbegin.o
 .ARM.attributes
                0x0000004a       0x32 atmel_start.o
 .ARM.attributes
                0x0000007c       0x32 Device_Startup/startup_samd21.o
 .ARM.attributes
                0x000000ae       0x32 driver_init.o
 .ARM.attributes
                0x000000e0       0x32 hal/src/hal_adc_sync.o
 .ARM.attributes
                0x00000112       0x32 hal/src/hal_atomic.o
 .ARM.attributes
                0x00000144       0x32 hal/src/hal_timer.o
 .ARM.attributes
                0x00000176       0x32 hal/src/hal_usart_sync.o
 .ARM.attributes
                0x000001a8       0x32 hal/src/hal_usb_device.o
 .ARM.attributes
                0x000001da       0x32 hal/utils/src/utils_assert.o
 .ARM.attributes
                0x0000020c       0x32 hal/utils/src/utils_list.o
 .ARM.attributes
                0x0000023e       0x32 hpl/adc/hpl_adc.o
 .ARM.attributes
                0x00000270       0x32 hpl/core/hpl_init.o
 .ARM.attributes
                0x000002a2       0x32 hpl/gclk/hpl_gclk.o
 .ARM.attributes
                0x000002d4       0x32 hpl/pm/hpl_pm.o
 .ARM.attributes
                0x00000306       0x32 hpl/rtc/hpl_rtc.o
 .ARM.attributes
                0x00000338       0x32 hpl/sercom/hpl_sercom.o
 .ARM.attributes
                0x0000036a       0x32 hpl/sysctrl/hpl_sysctrl.o
 .ARM.attributes
                0x0000039c       0x32 hpl/usb/hpl_usb.o
 .ARM.attributes
                0x000003ce       0x32 main.o
 .ARM.attributes
                0x00000400       0x2c c:/program files (x86)/atmel/studio/7.0/toolchain/arm/arm-gnu-toolchain/bin/../lib/gcc/arm-none-eabi/6.3.1/../../../../arm-none-eabi/lib/thumb/v6-m\libc_nano.a(lib_a-init.o)
 .ARM.attributes
                0x0000042c       0x2c c:/program files (x86)/atmel/studio/7.0/toolchain/arm/arm-gnu-toolchain/bin/../lib/gcc/arm-none-eabi/6.3.1/../../../../arm-none-eabi/lib/thumb/v6-m\libc_nano.a(lib_a-memcpy-stub.o)
 .ARM.attributes
                0x00000458       0x2c c:/program files (x86)/atmel/studio/7.0/toolchain/arm/arm-gnu-toolchain/bin/../lib/gcc/arm-none-eabi/6.3.1/../../../../arm-none-eabi/lib/thumb/v6-m\libc_nano.a(lib_a-memset.o)
 .ARM.attributes
                0x00000484       0x1e c:/program files (x86)/atmel/studio/7.0/toolchain/arm/arm-gnu-toolchain/bin/../lib/gcc/arm-none-eabi/6.3.1/thumb/v6-m/crtn.o

.comment        0x00000000       0x59
 .comment       0x00000000       0x59 atmel_start.o
                                 0x5a (size before relaxing)
 .comment       0x00000059       0x5a Device_Startup/startup_samd21.o
 .comment       0x00000059       0x5a driver_init.o
 .comment       0x00000059       0x5a hal/src/hal_adc_sync.o
 .comment       0x00000059       0x5a hal/src/hal_atomic.o
 .comment       0x00000059       0x5a hal/src/hal_timer.o
 .comment       0x00000059       0x5a hal/src/hal_usart_sync.o
 .comment       0x00000059       0x5a hal/src/hal_usb_device.o
 .comment       0x00000059       0x5a hal/utils/src/utils_assert.o
 .comment       0x00000059       0x5a hal/utils/src/utils_list.o
 .comment       0x00000059       0x5a hpl/adc/hpl_adc.o
 .comment       0x00000059       0x5a hpl/core/hpl_init.o
 .comment       0x00000059       0x5a hpl/gclk/hpl_gclk.o
 .comment       0x00000059       0x5a hpl/pm/hpl_pm.o
 .comment       0x00000059       0x5a hpl/rtc/hpl_rtc.o
 .comment       0x00000059       0x5a hpl/sercom/hpl_sercom.o
 .comment       0x00000059       0x5a hpl/sysctrl/hpl_sysctrl.o
 .comment       0x00000059       0x5a hpl/usb/hpl_usb.o
 .comment       0x00000059       0x5a main.o

.debug_info     0x00000000    0x2e2dd
 .debug_info    0x00000000      0x38c atmel_start.o
 .debug_info    0x0000038c     0x3a28 Device_Startup/startup_samd21.o
 .debug_info    0x00003db4     0x9de6 driver_init.o
 .debug_info    0x0000db9a      0xb29 hal/src/hal_adc_sync.o
 .debug_info    0x0000e6c3      0x1d1 hal/src/hal_atomic.o
 .debug_info    0x0000e894      0xbb7 hal/src/hal_timer.o
 .debug_info    0x0000f44b      0xc56 hal/src/hal_usart_sync.o
 .debug_info    0x000100a1     0x1e06 hal/src/hal_usb_device.o
 .debug_info    0x00011ea7      0x107 hal/utils/src/utils_assert.o
 .debug_info    0x00011fae      0x310 hal/utils/src/utils_list.o
 .debug_info    0x000122be     0x37b0 hpl/adc/hpl_adc.o
 .debug_info    0x00015a6e      0x677 hpl/core/hpl_init.o
 .debug_info    0x000160e5      0x4e1 hpl/gclk/hpl_gclk.o
 .debug_info    0x000165c6      0xc6d hpl/pm/hpl_pm.o
 .debug_info    0x00017233     0x206f hpl/rtc/hpl_rtc.o
 .debug_info    0x000192a2     0xb318 hpl/sercom/hpl_sercom.o
 .debug_info    0x000245ba     0x1452 hpl/sysctrl/hpl_sysctrl.o
 .debug_info    0x00025a0c     0x8541 hpl/usb/hpl_usb.o
 .debug_info    0x0002df4d      0x390 main.o

.debug_abbrev   0x00000000     0x306a
 .debug_abbrev  0x00000000       0xea atmel_start.o
 .debug_abbrev  0x000000ea      0x234 Device_Startup/startup_samd21.o
 .debug_abbrev  0x0000031e      0x393 driver_init.o
 .debug_abbrev  0x000006b1      0x168 hal/src/hal_adc_sync.o
 .debug_abbrev  0x00000819      0x144 hal/src/hal_atomic.o
 .debug_abbrev  0x0000095d      0x221 hal/src/hal_timer.o
 .debug_abbrev  0x00000b7e      0x217 hal/src/hal_usart_sync.o
 .debug_abbrev  0x00000d95      0x485 hal/src/hal_usb_device.o
 .debug_abbrev  0x0000121a       0x86 hal/utils/src/utils_assert.o
 .debug_abbrev  0x000012a0      0x159 hal/utils/src/utils_list.o
 .debug_abbrev  0x000013f9      0x4a2 hpl/adc/hpl_adc.o
 .debug_abbrev  0x0000189b      0x1cc hpl/core/hpl_init.o
 .debug_abbrev  0x00001a67      0x1c3 hpl/gclk/hpl_gclk.o
 .debug_abbrev  0x00001c2a      0x211 hpl/pm/hpl_pm.o
 .debug_abbrev  0x00001e3b      0x3cf hpl/rtc/hpl_rtc.o
 .debug_abbrev  0x0000220a      0x58f hpl/sercom/hpl_sercom.o
 .debug_abbrev  0x00002799      0x20c hpl/sysctrl/hpl_sysctrl.o
 .debug_abbrev  0x000029a5      0x5d9 hpl/usb/hpl_usb.o
 .debug_abbrev  0x00002f7e       0xec main.o

.debug_loc      0x00000000    0x1228b
 .debug_loc     0x00000000       0x20 atmel_start.o
 .debug_loc     0x00000020       0x40 Device_Startup/startup_samd21.o
 .debug_loc     0x00000060      0x89c driver_init.o
 .debug_loc     0x000008fc      0x8c0 hal/src/hal_adc_sync.o
 .debug_loc     0x000011bc       0x13 hal/src/hal_atomic.o
 .debug_loc     0x000011cf      0x761 hal/src/hal_timer.o
 .debug_loc     0x00001930      0x9b2 hal/src/hal_usart_sync.o
 .debug_loc     0x000022e2     0x138a hal/src/hal_usb_device.o
 .debug_loc     0x0000366c      0x271 hal/utils/src/utils_list.o
 .debug_loc     0x000038dd     0x1d1b hpl/adc/hpl_adc.o
 .debug_loc     0x000055f8       0x4c hpl/core/hpl_init.o
 .debug_loc     0x00005644       0xa3 hpl/gclk/hpl_gclk.o
 .debug_loc     0x000056e7      0x11b hpl/pm/hpl_pm.o
 .debug_loc     0x00005802      0x4c4 hpl/rtc/hpl_rtc.o
 .debug_loc     0x00005cc6     0x7e9f hpl/sercom/hpl_sercom.o
 .debug_loc     0x0000db65      0x160 hpl/sysctrl/hpl_sysctrl.o
 .debug_loc     0x0000dcc5     0x45a6 hpl/usb/hpl_usb.o
 .debug_loc     0x0001226b       0x20 main.o

.debug_aranges  0x00000000      0xcf0
 .debug_aranges
                0x00000000       0x20 atmel_start.o
 .debug_aranges
                0x00000020       0x28 Device_Startup/startup_samd21.o
 .debug_aranges
                0x00000048       0x68 driver_init.o
 .debug_aranges
                0x000000b0       0x98 hal/src/hal_adc_sync.o
 .debug_aranges
                0x00000148       0x30 hal/src/hal_atomic.o
 .debug_aranges
                0x00000178       0x70 hal/src/hal_timer.o
 .debug_aranges
                0x000001e8       0xa8 hal/src/hal_usart_sync.o
 .debug_aranges
                0x00000290      0x100 hal/src/hal_usb_device.o
 .debug_aranges
                0x00000390       0x20 hal/utils/src/utils_assert.o
 .debug_aranges
                0x000003b0       0x48 hal/utils/src/utils_list.o
 .debug_aranges
                0x000003f8      0x1e0 hpl/adc/hpl_adc.o
 .debug_aranges
                0x000005d8       0x20 hpl/core/hpl_init.o
 .debug_aranges
                0x000005f8       0x28 hpl/gclk/hpl_gclk.o
 .debug_aranges
                0x00000620       0x30 hpl/pm/hpl_pm.o
 .debug_aranges
                0x00000650       0x68 hpl/rtc/hpl_rtc.o
 .debug_aranges
                0x000006b8      0x4c8 hpl/sercom/hpl_sercom.o
 .debug_aranges
                0x00000b80       0x28 hpl/sysctrl/hpl_sysctrl.o
 .debug_aranges
                0x00000ba8      0x128 hpl/usb/hpl_usb.o
 .debug_aranges
                0x00000cd0       0x20 main.o

.debug_ranges   0x00000000     0x1460
 .debug_ranges  0x00000000       0x10 atmel_start.o
 .debug_ranges  0x00000010       0x18 Device_Startup/startup_samd21.o
 .debug_ranges  0x00000028       0x58 driver_init.o
 .debug_ranges  0x00000080       0xa0 hal/src/hal_adc_sync.o
 .debug_ranges  0x00000120       0x20 hal/src/hal_atomic.o
 .debug_ranges  0x00000140       0xa8 hal/src/hal_timer.o
 .debug_ranges  0x000001e8       0x98 hal/src/hal_usart_sync.o
 .debug_ranges  0x00000280      0x148 hal/src/hal_usb_device.o
 .debug_ranges  0x000003c8       0x10 hal/utils/src/utils_assert.o
 .debug_ranges  0x000003d8       0x58 hal/utils/src/utils_list.o
 .debug_ranges  0x00000430      0x1e8 hpl/adc/hpl_adc.o
 .debug_ranges  0x00000618       0x10 hpl/core/hpl_init.o
 .debug_ranges  0x00000628       0x18 hpl/gclk/hpl_gclk.o
 .debug_ranges  0x00000640       0x20 hpl/pm/hpl_pm.o
 .debug_ranges  0x00000660       0x58 hpl/rtc/hpl_rtc.o
 .debug_ranges  0x000006b8      0x968 hpl/sercom/hpl_sercom.o
 .debug_ranges  0x00001020       0x30 hpl/sysctrl/hpl_sysctrl.o
 .debug_ranges  0x00001050      0x400 hpl/usb/hpl_usb.o
 .debug_ranges  0x00001450       0x10 main.o

.debug_macro    0x00000000    0x19709
 .debug_macro   0x00000000      0x54d atmel_start.o
 .debug_macro   0x0000054d      0x89e atmel_start.o
 .debug_macro   0x00000deb      0x16d atmel_start.o
 .debug_macro   0x00000f58       0x22 atmel_start.o
 .debug_macro   0x00000f7a       0x87 atmel_start.o
 .debug_macro   0x00001001       0x51 atmel_start.o
 .debug_macro   0x00001052       0xef atmel_start.o
 .debug_macro   0x00001141       0x6a atmel_start.o
 .debug_macro   0x000011ab      0x1df atmel_start.o
 .debug_macro   0x0000138a       0x22 atmel_start.o
 .debug_macro   0x000013ac       0x3f atmel_start.o
 .debug_macro   0x000013eb       0x28 atmel_start.o
 .debug_macro   0x00001413       0x85 atmel_start.o
 .debug_macro   0x00001498      0x375 atmel_start.o
 .debug_macro   0x0000180d      0x67e atmel_start.o
 .debug_macro   0x00001e8b      0x8b1 atmel_start.o
 .debug_macro   0x0000273c      0x22e atmel_start.o
 .debug_macro   0x0000296a      0xd5c atmel_start.o
 .debug_macro   0x000036c6      0x4dc atmel_start.o
 .debug_macro   0x00003ba2      0x9f6 atmel_start.o
 .debug_macro   0x00004598      0x82b atmel_start.o
 .debug_macro   0x00004dc3      0x45f atmel_start.o
 .debug_macro   0x00005222       0x5e atmel_start.o
 .debug_macro   0x00005280      0x8f9 atmel_start.o
 .debug_macro   0x00005b79      0x21c atmel_start.o
 .debug_macro   0x00005d95      0x735 atmel_start.o
 .debug_macro   0x000064ca       0x5e atmel_start.o
 .debug_macro   0x00006528      0x632 atmel_start.o
 .debug_macro   0x00006b5a      0x3ac atmel_start.o
 .debug_macro   0x00006f06      0xc76 atmel_start.o
 .debug_macro   0x00007b7c     0x1092 atmel_start.o
 .debug_macro   0x00008c0e      0xc4a atmel_start.o
 .debug_macro   0x00009858      0x6ba atmel_start.o
 .debug_macro   0x00009f12     0x1b3d atmel_start.o
 .debug_macro   0x0000ba4f     0x143c atmel_start.o
 .debug_macro   0x0000ce8b      0x340 atmel_start.o
 .debug_macro   0x0000d1cb       0x7c atmel_start.o
 .debug_macro   0x0000d247       0xa0 atmel_start.o
 .debug_macro   0x0000d2e7       0x4c atmel_start.o
 .debug_macro   0x0000d333       0xca atmel_start.o
 .debug_macro   0x0000d3fd       0x94 atmel_start.o
 .debug_macro   0x0000d491       0x58 atmel_start.o
 .debug_macro   0x0000d4e9      0x341 atmel_start.o
 .debug_macro   0x0000d82a       0x82 atmel_start.o
 .debug_macro   0x0000d8ac      0x189 atmel_start.o
 .debug_macro   0x0000da35       0xb8 atmel_start.o
 .debug_macro   0x0000daed       0xa0 atmel_start.o
 .debug_macro   0x0000db8d       0xb2 atmel_start.o
 .debug_macro   0x0000dc3f       0x1c atmel_start.o
 .debug_macro   0x0000dc5b       0x1c atmel_start.o
 .debug_macro   0x0000dc77       0x1c atmel_start.o
 .debug_macro   0x0000dc93       0x7c atmel_start.o
 .debug_macro   0x0000dd0f      0x15a atmel_start.o
 .debug_macro   0x0000de69       0x10 atmel_start.o
 .debug_macro   0x0000de79       0xdc atmel_start.o
 .debug_macro   0x0000df55      0x124 atmel_start.o
 .debug_macro   0x0000e079      0x124 atmel_start.o
 .debug_macro   0x0000e19d      0x124 atmel_start.o
 .debug_macro   0x0000e2c1      0x124 atmel_start.o
 .debug_macro   0x0000e3e5      0x124 atmel_start.o
 .debug_macro   0x0000e509      0x124 atmel_start.o
 .debug_macro   0x0000e62d      0x124 atmel_start.o
 .debug_macro   0x0000e751       0xe2 atmel_start.o
 .debug_macro   0x0000e833       0xe2 atmel_start.o
 .debug_macro   0x0000e915       0xe2 atmel_start.o
 .debug_macro   0x0000e9f7      0x12a atmel_start.o
 .debug_macro   0x0000eb21      0x100 atmel_start.o
 .debug_macro   0x0000ec21       0xf4 atmel_start.o
 .debug_macro   0x0000ed15      0x40f atmel_start.o
 .debug_macro   0x0000f124       0x40 atmel_start.o
 .debug_macro   0x0000f164      0x376 atmel_start.o
 .debug_macro   0x0000f4da     0x17df atmel_start.o
 .debug_macro   0x00010cb9       0x6d atmel_start.o
 .debug_macro   0x00010d26       0x10 atmel_start.o
 .debug_macro   0x00010d36       0x10 atmel_start.o
 .debug_macro   0x00010d46       0x16 atmel_start.o
 .debug_macro   0x00010d5c       0x16 atmel_start.o
 .debug_macro   0x00010d72       0x16 atmel_start.o
 .debug_macro   0x00010d88       0x16 atmel_start.o
 .debug_macro   0x00010d9e       0x16 atmel_start.o
 .debug_macro   0x00010db4       0x16 atmel_start.o
 .debug_macro   0x00010dca       0x16 atmel_start.o
 .debug_macro   0x00010de0       0x16 atmel_start.o
 .debug_macro   0x00010df6       0x16 atmel_start.o
 .debug_macro   0x00010e0c       0x16 atmel_start.o
 .debug_macro   0x00010e22       0x16 atmel_start.o
 .debug_macro   0x00010e38       0x16 atmel_start.o
 .debug_macro   0x00010e4e       0x16 atmel_start.o
 .debug_macro   0x00010e64       0x16 atmel_start.o
 .debug_macro   0x00010e7a      0x4c3 atmel_start.o
 .debug_macro   0x0001133d       0x94 atmel_start.o
 .debug_macro   0x000113d1       0x16 atmel_start.o
 .debug_macro   0x000113e7       0x6a atmel_start.o
 .debug_macro   0x00011451      0x28c atmel_start.o
 .debug_macro   0x000116dd      0x4d8 atmel_start.o
 .debug_macro   0x00011bb5       0x16 atmel_start.o
 .debug_macro   0x00011bcb       0xca atmel_start.o
 .debug_macro   0x00011c95       0x1c atmel_start.o
 .debug_macro   0x00011cb1       0x16 atmel_start.o
 .debug_macro   0x00011cc7       0x4c atmel_start.o
 .debug_macro   0x00011d13       0xc9 atmel_start.o
 .debug_macro   0x00011ddc       0xcb atmel_start.o
 .debug_macro   0x00011ea7       0xee atmel_start.o
 .debug_macro   0x00011f95      0x2ed Device_Startup/startup_samd21.o
 .debug_macro   0x00012282       0x39 Device_Startup/startup_samd21.o
 .debug_macro   0x000122bb      0x58b driver_init.o
 .debug_macro   0x00012846       0x50 driver_init.o
 .debug_macro   0x00012896      0x44f hal/src/hal_adc_sync.o
 .debug_macro   0x00012ce5      0x41b hal/src/hal_atomic.o
 .debug_macro   0x00013100      0x461 hal/src/hal_timer.o
 .debug_macro   0x00013561      0x455 hal/src/hal_usart_sync.o
 .debug_macro   0x000139b6      0x503 hal/src/hal_usb_device.o
 .debug_macro   0x00013eb9       0x58 hal/src/hal_usb_device.o
 .debug_macro   0x00013f11       0x35 hal/src/hal_usb_device.o
 .debug_macro   0x00013f46       0x9c hal/src/hal_usb_device.o
 .debug_macro   0x00013fe2       0x58 hal/src/hal_usb_device.o
 .debug_macro   0x0001403a       0x1f hal/src/hal_usb_device.o
 .debug_macro   0x00014059       0x43 hal/src/hal_usb_device.o
 .debug_macro   0x0001409c       0x20 hal/src/hal_usb_device.o
 .debug_macro   0x000140bc      0x187 hal/src/hal_usb_device.o
 .debug_macro   0x00014243      0x353 hal/src/hal_usb_device.o
 .debug_macro   0x00014596       0x10 hal/src/hal_usb_device.o
 .debug_macro   0x000145a6       0x35 hal/src/hal_usb_device.o
 .debug_macro   0x000145db      0x424 hal/utils/src/utils_assert.o
 .debug_macro   0x000149ff       0x10 hal/utils/src/utils_assert.o
 .debug_macro   0x00014a0f      0x428 hal/utils/src/utils_list.o
 .debug_macro   0x00014e37      0x476 hpl/adc/hpl_adc.o
 .debug_macro   0x000152ad      0x6cc hpl/adc/hpl_adc.o
 .debug_macro   0x00015979      0x6ba hpl/adc/hpl_adc.o
 .debug_macro   0x00016033       0xd2 hpl/adc/hpl_adc.o
 .debug_macro   0x00016105      0x495 hpl/core/hpl_init.o
 .debug_macro   0x0001659a       0x2e hpl/core/hpl_init.o
 .debug_macro   0x000165c8      0x6ec hpl/core/hpl_init.o
 .debug_macro   0x00016cb4      0x437 hpl/gclk/hpl_gclk.o
 .debug_macro   0x000170eb      0x1f3 hpl/gclk/hpl_gclk.o
 .debug_macro   0x000172de      0x45a hpl/pm/hpl_pm.o
 .debug_macro   0x00017738      0x45f hpl/rtc/hpl_rtc.o
 .debug_macro   0x00017b97       0x64 hpl/rtc/hpl_rtc.o
 .debug_macro   0x00017bfb      0x663 hpl/sercom/hpl_sercom.o
 .debug_macro   0x0001825e       0x70 hpl/sercom/hpl_sercom.o
 .debug_macro   0x000182ce       0xba hpl/sercom/hpl_sercom.o
 .debug_macro   0x00018388       0x10 hpl/sercom/hpl_sercom.o
 .debug_macro   0x00018398       0x1c hpl/sercom/hpl_sercom.o
 .debug_macro   0x000183b4       0x22 hpl/sercom/hpl_sercom.o
 .debug_macro   0x000183d6       0x10 hpl/sercom/hpl_sercom.o
 .debug_macro   0x000183e6      0x431 hpl/sysctrl/hpl_sysctrl.o
 .debug_macro   0x00018817      0x2da hpl/sysctrl/hpl_sysctrl.o
 .debug_macro   0x00018af1      0x6cb hpl/usb/hpl_usb.o
 .debug_macro   0x000191bc      0x54d main.o

.debug_line     0x00000000     0xf53d
 .debug_line    0x00000000      0xb04 atmel_start.o
 .debug_line    0x00000b04      0x6df Device_Startup/startup_samd21.o
 .debug_line    0x000011e3      0xce6 driver_init.o
 .debug_line    0x00001ec9      0xae1 hal/src/hal_adc_sync.o
 .debug_line    0x000029aa      0x95b hal/src/hal_atomic.o
 .debug_line    0x00003305      0xb05 hal/src/hal_timer.o
 .debug_line    0x00003e0a      0xb48 hal/src/hal_usart_sync.o
 .debug_line    0x00004952      0xd15 hal/src/hal_usb_device.o
 .debug_line    0x00005667      0x926 hal/utils/src/utils_assert.o
 .debug_line    0x00005f8d      0x9ba hal/utils/src/utils_list.o
 .debug_line    0x00006947     0x11fb hpl/adc/hpl_adc.o
 .debug_line    0x00007b42      0xa06 hpl/core/hpl_init.o
 .debug_line    0x00008548      0x980 hpl/gclk/hpl_gclk.o
 .debug_line    0x00008ec8      0x9cc hpl/pm/hpl_pm.o
 .debug_line    0x00009894      0xb48 hpl/rtc/hpl_rtc.o
 .debug_line    0x0000a3dc     0x27bd hpl/sercom/hpl_sercom.o
 .debug_line    0x0000cb99      0x9b9 hpl/sysctrl/hpl_sysctrl.o
 .debug_line    0x0000d552     0x14ef hpl/usb/hpl_usb.o
 .debug_line    0x0000ea41      0xafc main.o

.debug_str      0x00000000    0x8d25e
 .debug_str     0x00000000    0x765af atmel_start.o
                              0x76a3d (size before relaxing)
 .debug_str     0x000765af     0x1096 Device_Startup/startup_samd21.o
                              0x6ddaa (size before relaxing)
 .debug_str     0x00077645     0x1950 driver_init.o
                              0x791f1 (size before relaxing)
 .debug_str     0x00078f95      0x403 hal/src/hal_adc_sync.o
                              0x75e68 (size before relaxing)
 .debug_str     0x00079398       0x9c hal/src/hal_atomic.o
                              0x7586a (size before relaxing)
 .debug_str     0x00079434      0x2cc hal/src/hal_timer.o
                              0x761a9 (size before relaxing)
 .debug_str     0x00079700      0x4b3 hal/src/hal_usart_sync.o
                              0x763b7 (size before relaxing)
 .debug_str     0x00079bb3     0x346f hal/src/hal_usb_device.o
                              0x79a7e (size before relaxing)
 .debug_str     0x0007d022       0x2a hal/utils/src/utils_assert.o
                              0x7587a (size before relaxing)
 .debug_str     0x0007d04c       0x31 hal/utils/src/utils_list.o
                              0x75924 (size before relaxing)
 .debug_str     0x0007d07d     0x6c51 hpl/adc/hpl_adc.o
                              0x7cc62 (size before relaxing)
 .debug_str     0x00083cce     0x17d7 hpl/core/hpl_init.o
                              0x77499 (size before relaxing)
 .debug_str     0x000854a5      0x84a hpl/gclk/hpl_gclk.o
                              0x76192 (size before relaxing)
 .debug_str     0x00085cef      0x194 hpl/pm/hpl_pm.o
                              0x75ff8 (size before relaxing)
 .debug_str     0x00085e83      0x35f hpl/rtc/hpl_rtc.o
                              0x7639a (size before relaxing)
 .debug_str     0x000861e2     0x46e2 hpl/sercom/hpl_sercom.o
                              0x7b4ab (size before relaxing)
 .debug_str     0x0008a8c4     0x11c1 hpl/sysctrl/hpl_sysctrl.o
                              0x76b49 (size before relaxing)
 .debug_str     0x0008ba85     0x17cd hpl/usb/hpl_usb.o
                              0x7bb80 (size before relaxing)
 .debug_str     0x0008d252        0xc main.o
                              0x76a2f (size before relaxing)

.debug_frame    0x00000000     0x226c
 .debug_frame   0x00000000       0x28 atmel_start.o
 .debug_frame   0x00000028       0x40 Device_Startup/startup_samd21.o
 .debug_frame   0x00000068       0xf0 driver_init.o
 .debug_frame   0x00000158      0x1d4 hal/src/hal_adc_sync.o
 .debug_frame   0x0000032c       0x40 hal/src/hal_atomic.o
 .debug_frame   0x0000036c      0x14c hal/src/hal_timer.o
 .debug_frame   0x000004b8      0x200 hal/src/hal_usart_sync.o
 .debug_frame   0x000006b8      0x314 hal/src/hal_usb_device.o
 .debug_frame   0x000009cc       0x20 hal/utils/src/utils_assert.o
 .debug_frame   0x000009ec       0x88 hal/utils/src/utils_list.o
 .debug_frame   0x00000a74      0x464 hpl/adc/hpl_adc.o
 .debug_frame   0x00000ed8       0x28 hpl/core/hpl_init.o
 .debug_frame   0x00000f00       0x30 hpl/gclk/hpl_gclk.o
 .debug_frame   0x00000f30       0x40 hpl/pm/hpl_pm.o
 .debug_frame   0x00000f70       0xdc hpl/rtc/hpl_rtc.o
 .debug_frame   0x0000104c      0xddc hpl/sercom/hpl_sercom.o
 .debug_frame   0x00001e28       0x30 hpl/sysctrl/hpl_sysctrl.o
 .debug_frame   0x00001e58      0x378 hpl/usb/hpl_usb.o
 .debug_frame   0x000021d0       0x28 main.o
 .debug_frame   0x000021f8       0x2c c:/program files (x86)/atmel/studio/7.0/toolchain/arm/arm-gnu-toolchain/bin/../lib/gcc/arm-none-eabi/6.3.1/../../../../arm-none-eabi/lib/thumb/v6-m\libc_nano.a(lib_a-init.o)
 .debug_frame   0x00002224       0x28 c:/program files (x86)/atmel/studio/7.0/toolchain/arm/arm-gnu-toolchain/bin/../lib/gcc/arm-none-eabi/6.3.1/../../../../arm-none-eabi/lib/thumb/v6-m\libc_nano.a(lib_a-memcpy-stub.o)
 .debug_frame   0x0000224c       0x20 c:/program files (x86)/atmel/studio/7.0/toolchain/arm/arm-gnu-toolchain/bin/../lib/gcc/arm-none-eabi/6.3.1/../../../../arm-none-eabi/lib/thumb/v6-m\libc_nano.a(lib_a-memset.o)
